python : 
<string>:17: 
DeprecationWarning: d
atetime.datetime.utcn
ow() is deprecated 
and scheduled for 
removal in a future 
version. Use 
timezone-aware 
objects to represent 
datetimes in UTC: dat
etime.datetime.now(da
tetime.UTC).
En línea: 1 
Carácter: 1
+ python 
tests/test_parity.py 
> tests/test_output.t
xt 2>&1
+ ~~~~~~~~~~~~~~~~~~~
~~~~~~~~~~~~~~~~~~~~~
~~~~~~~~~~~~~~~~
    + CategoryInfo   
           : NotSpe  
  cified: (<string   
 >:17: De...(date    
time.UTC).:Strin    
g) [], RemoteExc    
eption
    + FullyQualified 
   ErrorId : Native  
  CommandError
 
F
=====================
=====================
=====================
=======
FAIL: test_long_signa
l_parity (__main__.Te
stParity.test_long_si
gnal_parity)
---------------------
---------------------
---------------------
-------
Traceback (most 
recent call last):
  File "C:\Users\davi
dgonzalez\OneDrive - 
grupotrc.com\Document
os\trading_advisor\te
sts\test_parity.py", 
line 79, in test_long
_signal_parity
    self.assertEqual(
strat_signal.side.val
ue, "BUY", 
f"Strategy failed to 
find BUY signal. Got 
{strat_signal.side}")
    ~~~~~~~~~~~~~~~~^
^^^^^^^^^^^^^^^^^^^^^
^^^^^^^^^^^^^^^^^^^^^
^^^^^^^^^^^^^^^^^^^^^
^^^^^^^^^^^^^^^^^^^^^
^^^^^^^^^^^
AssertionError: 
'HOLD' != 'BUY'
- HOLD
+ BUY
 : Strategy failed 
to find BUY signal. 
Got SignalSide.HOLD

---------------------
---------------------
---------------------
-------
Ran 1 test in 0.168s

FAILED (failures=1)
